// Jest Snapshot v1, https://goo.gl/fbAQLP

exports[`DiaryComponent snapshot test 1`] = `
"
    <p>
      diary works!
    </p>
  "
`;
